cnt.faphouse.com
static-nss.xhcdn.com
ic-nss.flixcdn.com
ic-tt-nss.xhcdn.com
ic-ut-nss.xhcdn.com
static-ah.xhcdn.com
sissyflix.com
xcdnpro.com
magsrv.com
trueamateurporn.org
a.magsrv.com
s.magsrv.com
rtalabel.org
video.sacdnssedge.com
go.marzaent.com
allboner.com
rtalabel.org
pornomovies.com
video.sacdnssedge.com
yorkvillemarketing.net
agego.com
yorkvillemarketing.net
yvmads.com
mjedge.net
flixcdn.com
cdn-fc.com
bkcdn.net
bxcdn.net
asacp.org
fap.cash
flirtify.com
faphouselive.com
googletagmanager.com
sso-fh.com
xhcdn.com
static-ah.xhcdn.com
thumb-ah.flixcdn.com
vnt.faphouse.com
auth.xhamster.com
api.faphouse.com
video-pr.xhcdn.com
